==========================================================
Starting Packed Slurm Job with Rolling Queue (Max 8)
Running on node: cerber
Allocated GPU: 
==========================================================
==================================================
Starting SAC on TiltedWipe for  steps...
Date: mar 07 abr 2026 17:20:00 CEST
==================================================
Finished SAC on SPD_ONLY_C1_NM5_KP1_300
All experiments queued. Waiting for the final batch to finish...
✅ All Door experiments completed successfully!
==========================================================
Starting Packed Slurm Job with Rolling Queue (Max 8)
Running on node: cerber
Allocated GPU: 
==========================================================
==================================================
Starting SAC on TiltedWipe for  steps...
Date: mar 07 abr 2026 17:21:44 CEST
==================================================
Finished SAC on SPD_ONLY_C1_NM5_KP1_300
All experiments queued. Waiting for the final batch to finish...
✅ All Door experiments completed successfully!
==========================================================
Starting Packed Slurm Job with Rolling Queue (Max 8)
Running on node: cerber
Allocated GPU: 
==========================================================
==================================================
Starting SAC on TiltedWipe for  steps...
Date: mar 07 abr 2026 17:22:15 CEST
==================================================
